
> starsdecoded@0.0.0 report:lab /home/runner/work/Starsdecoded/Starsdecoded
> pnpm --filter @workspace/scripts run report:lab "--remote" "https://starsdecoded-staging.vercel.app" "--pair" "--label" "r12c-pair"


> @workspace/scripts@0.0.0 report:lab /home/runner/work/Starsdecoded/Starsdecoded/scripts
> tsx ./src/report-lab.ts "--remote" "https://starsdecoded-staging.vercel.app" "--pair" "--label" "r12c-pair"


=== Marie Curie & Oprah Winfrey (curie-winfrey), partners via https://starsdecoded-staging.vercel.app: two natal reports first ===
FAILED curie-winfrey partners: report 7a1b9ca6-baa2-4df4-99f9-65131be6fba2 failed: null

=== Marie Curie & Oprah Winfrey (curie-winfrey), parent_child via https://starsdecoded-staging.vercel.app: two natal reports first ===

=== Marie Curie & Oprah Winfrey (curie-winfrey), parent_child ===
chapter                                              words  target   ok  flags
---------------------------------------------------  -----  -------  --  ---------------------------------
twoCharts (Your two charts)                          150    300-360  NO  -
parentChild02 (What your child needs from you)       200    230-300  NO  -
parentChild03 (Feelings and the big reactions)       180    230-300  NO  CARD: 5 line(s) over twelve words
parentChild04 (Home, chores and contributing)        217    230-300  NO  -
parentChild05 (School, homework and how they learn)  203    230-300  NO  -
parentChild06 (Rules, freedom and screens)           193    230-300  NO  -
whatToPractise (What to practise)                    365    450-560  NO  -
card 1 rubs moon jupiter: 63 words
card 2 flows venus mars: 66 words
card 3 flows mercury moon: 63 words
card 4 rubs venus pluto: 65 words
card 5 flows moon uranus: 65 words
card 6 rubs saturn pluto: 65 words
card 7 flows mercury sun: 57 words
card 8 flows mercury venus: 65 words
card 9 flows jupiter neptune: 60 words
card 10 flows uranus saturn: 56 words
card 11 flows neptune sun: 55 words
card 12 rubs pluto mercury: 63 words
card 13 overlay sun in the 2th: 61 words
card 14 overlay moon in the 12th: 61 words
card 15 overlay moon in the 4th: 57 words
link cards: 15, 991 words, all 40 to 70 with a behaviour check

prose: 1508 words (target 1900-2500: OUT OF RANGE), cards and items outside it; written in 40.9s
repetition: 4.0% of five-word runs appear in more than one chapter (bar 3%: OVER)
prompt p3 on mixed; lens parent_child; band grown
band flag: clean, no line contradicts the grown band
SHAPE FLAG: CARD: 5 line(s) over twelve words

call                 model       tries  in       cached  out     reason  $        s
-------------------  ----------  -----  -------  ------  ------  ------  -------  ----
pair:foundation      gpt-6-sol   1      2,202    7,090   536     0       $0.0112  8.5
pair:twoCharts       gpt-6-luna  1      5,270    7,376   705     0       $0.0010  5.6
pair:parentChild04   gpt-6-luna  1      13,841   0       1,142   0       $0.0020  7.5
pair:parentChild06   gpt-6-luna  1      13,646   0       1,180   0       $0.0020  8.3
pair:parentChild05   gpt-6-luna  2      21,425   7,569   1,720   0       $0.0031  13.1
pair:links           gpt-6-luna  1      2,972    7,139   1,751   0       $0.0012  14.5
pair:parentChild03   gpt-6-luna  2      21,262   7,569   2,018   0       $0.0032  14.5
pair:parentChild02   gpt-6-luna  2      20,953   7,569   2,282   0       $0.0033  15.9
pair:whatToPractise  gpt-6-luna  1      11,423   0       1,132   0       $0.0017  7.8
TOTAL                            12     112,994  44,312  12,466  0       $0.0286  95.7

cost $0.0286 in 34.7s wall clock (95.7s of call time across 12 calls); bar $0.2500: under
wrote /home/runner/work/Starsdecoded/Starsdecoded/fixtures/reports/curie-winfrey.parent_child.r12c-pair.md and /home/runner/work/Starsdecoded/Starsdecoded/fixtures/reports/curie-winfrey.parent_child.r12c-pair.json

=== Marie Curie & Oprah Winfrey (curie-winfrey), people via https://starsdecoded-staging.vercel.app: two natal reports first ===

=== Marie Curie & Oprah Winfrey (curie-winfrey), people ===
chapter                                   words  target   ok   flags
----------------------------------------  -----  -------  ---  ---------------------------------
twoCharts (Your two charts)               196    300-360  NO   -
people02 (In a room together)             197    230-300  NO   -
people03 (Working on something together)  218    230-300  NO   CARD: 4 line(s) over twelve words
people04 (Having fun)                     218    230-300  NO   -
people05 (The hard talk)                  212    230-300  NO   CARD: 1 line(s) over twelve words
people06 (What you give each other)       234    230-300  yes  -
whatToPractise (What to practise)         380    450-560  NO   -
card 1 rubs moon jupiter: 60 words
card 2 flows venus mars: 58 words
card 3 flows mercury moon: 61 words
card 4 rubs venus pluto: 59 words
card 5 flows moon uranus: 57 words
card 6 rubs saturn pluto: 57 words
card 7 flows mercury sun: 59 words
card 8 flows mercury venus: 57 words
card 9 flows jupiter neptune: 53 words
card 10 flows uranus saturn: 58 words
card 11 flows neptune sun: 55 words
card 12 rubs pluto mercury: 61 words
card 13 overlay sun in the 2th: 58 words
card 14 overlay moon in the 12th: 55 words
card 15 overlay moon in the 4th: 59 words
card 16 overlay sun in the 12th: 62 words
link cards: 16, 1001 words, all 40 to 70 with a behaviour check

prose: 1655 words (target 1900-2500: OUT OF RANGE), cards and items outside it; written in 35.2s
repetition: 0.8% of five-word runs appear in more than one chapter (bar 3%: under)
prompt p3 on mixed; lens people; friends
SHAPE FLAG: CARD: 4 line(s) over twelve words; CARD: 1 line(s) over twelve words

call                 model       tries  in      cached  out     reason  $        s
-------------------  ----------  -----  ------  ------  ------  ------  -------  ----
pair:foundation      gpt-6-sol   1      2,018   7,090   543     0       $0.0109  7.7
pair:twoCharts       gpt-6-luna  1      4,759   7,376   1,216   0       $0.0012  7.3
pair:people02        gpt-6-luna  1      12,946  0       1,215   0       $0.0019  9.0
pair:people03        gpt-6-luna  1      12,652  0       1,126   0       $0.0018  9.3
pair:links           gpt-6-luna  1      2,955   7,139   1,693   0       $0.0012  13.2
pair:people04        gpt-6-luna  2      17,997  7,568   1,711   0       $0.0027  14.5
pair:people06        gpt-6-luna  2      19,670  7,568   2,245   0       $0.0032  15.6
pair:people05        gpt-6-luna  2      19,798  7,568   2,212   0       $0.0032  16.2
pair:whatToPractise  gpt-6-luna  1      3,747   7,545   910     0       $0.0009  6.0
TOTAL                            12     96,542  51,854  12,871  0       $0.0269  99.0

cost $0.0269 in 32.1s wall clock (99.0s of call time across 12 calls); bar $0.2500: under
wrote /home/runner/work/Starsdecoded/Starsdecoded/fixtures/reports/curie-winfrey.people.r12c-pair.md and /home/runner/work/Starsdecoded/Starsdecoded/fixtures/reports/curie-winfrey.people.r12c-pair.json

=== Beatrice York & Athena Mapelli Mozzi (beatrice-athena), parent_child via https://starsdecoded-staging.vercel.app: two natal reports first ===

=== Beatrice York & Athena Mapelli Mozzi (beatrice-athena), parent_child ===
chapter                                              words  target   ok  flags
---------------------------------------------------  -----  -------  --  ---------------------------------
twoCharts (Your two charts)                          144    300-360  NO  -
parentChild02 (What your child needs from you)       212    230-300  NO  CARD: 1 line(s) over twelve words
parentChild03 (Feelings and the big reactions)       187    230-300  NO  -
parentChild04 (Home, chores and contributing)        178    230-300  NO  CARD: 1 line(s) over twelve words
parentChild05 (School, homework and how they learn)  187    230-300  NO  CARD: 1 line(s) over twelve words
parentChild06 (Rules, freedom and screens)           226    230-300  NO  CARD: 1 line(s) over twelve words
whatToPractise (What to practise)                    355    450-560  NO  -
card 1 flows jupiter sun: 60 words
card 2 flows jupiter pluto: 53 words
card 3 rubs mercury uranus: 55 words
card 4 rubs saturn neptune: 51 words
card 5 flows mars jupiter: 53 words
card 6 flows neptune moon: 53 words
card 7 rubs venus neptune: 57 words
card 8 rubs uranus neptune: 59 words
card 9 flows pluto moon: 55 words
card 10 overlay sun in the 1th: 60 words
card 11 overlay venus in the 2th: 53 words
card 12 overlay moon in the 10th: 58 words
card 13 overlay moon in the 2th: 57 words
card 14 overlay sun in the 3th: 59 words
link cards: 14, 843 words, all 40 to 70 with a behaviour check

prose: 1489 words (target 1900-2500: OUT OF RANGE), cards and items outside it; written in 41.7s
repetition: 2.6% of five-word runs appear in more than one chapter (bar 3%: under)
prompt p3 on mixed; lens parent_child; band little
band flag: clean, no line contradicts the little band
SHAPE FLAG: CARD: 1 line(s) over twelve words; CARD: 1 line(s) over twelve words; CARD: 1 line(s) over twelve words; CARD: 1 line(s) over twelve words

call                 model       tries  in      cached  out     reason  $        s
-------------------  ----------  -----  ------  ------  ------  ------  -------  ----
pair:foundation      gpt-6-sol   1      2,130   7,090   547     0       $0.0111  9.2
pair:twoCharts       gpt-6-luna  1      5,363   7,376   1,050   0       $0.0011  7.3
pair:parentChild05   gpt-6-luna  1      6,056   7,569   1,092   0       $0.0012  7.4
pair:parentChild03   gpt-6-luna  1      6,222   7,569   1,023   0       $0.0012  8.0
pair:parentChild06   gpt-6-luna  1      6,357   7,569   1,083   0       $0.0013  8.7
pair:links           gpt-6-luna  1      2,907   7,139   1,486   0       $0.0011  11.9
pair:parentChild04   gpt-6-luna  2      20,963  7,569   2,168   0       $0.0033  13.0
pair:parentChild02   gpt-6-luna  3      20,646  22,707  3,304   0       $0.0039  18.9
pair:whatToPractise  gpt-6-luna  1      3,748   7,545   838     0       $0.0009  6.2
TOTAL                            12     74,392  82,133  12,591  0       $0.0251  90.6

cost $0.0251 in 36.5s wall clock (90.6s of call time across 12 calls); bar $0.2500: under
wrote /home/runner/work/Starsdecoded/Starsdecoded/fixtures/reports/beatrice-athena.parent_child.r12c-pair.md and /home/runner/work/Starsdecoded/Starsdecoded/fixtures/reports/beatrice-athena.parent_child.r12c-pair.json

=== William Windsor & Charlotte Windsor (william-charlotte), parent_child via https://starsdecoded-staging.vercel.app: two natal reports first ===

=== William Windsor & Charlotte Windsor (william-charlotte), parent_child ===
chapter                                              words  target   ok  flags
---------------------------------------------------  -----  -------  --  ---------------------------------
twoCharts (Your two charts)                          150    300-360  NO  -
parentChild02 (What your child needs from you)       203    230-300  NO  CARD: 1 line(s) over twelve words
parentChild03 (Feelings and the big reactions)       201    230-300  NO  -
parentChild04 (Home, chores and contributing)        222    230-300  NO  CARD: 1 line(s) over twelve words
parentChild05 (School, homework and how they learn)  196    230-300  NO  CARD: 1 line(s) over twelve words
parentChild06 (Rules, freedom and screens)           185    230-300  NO  -
whatToPractise (What to practise)                    358    450-560  NO  -
card 1 flows pluto venus: 59 words
card 2 flows venus mars: 58 words
card 3 rubs saturn pluto: 61 words
card 4 rubs mercury neptune: 59 words
card 5 rubs neptune venus: 59 words
card 6 rubs uranus mercury: 63 words
card 7 flows saturn jupiter: 65 words
card 8 rubs saturn uranus: 62 words
card 9 flows pluto moon: 58 words
card 10 flows uranus saturn: 60 words
card 11 overlay sun in the 6th: 51 words
card 12 overlay moon in the 11th: 56 words
card 13 overlay sun in the 1th: 57 words
card 14 overlay mars in the 4th: 60 words
link cards: 14, 890 words, all 40 to 70 with a behaviour check

prose: 1515 words (target 1900-2500: OUT OF RANGE), cards and items outside it; written in 35.1s
repetition: 1.1% of five-word runs appear in more than one chapter (bar 3%: under)
prompt p3 on mixed; lens parent_child; band school
band flag: clean, no line contradicts the school band
SHAPE FLAG: CARD: 1 line(s) over twelve words; CARD: 1 line(s) over twelve words; CARD: 1 line(s) over twelve words

call                 model       tries  in      cached  out     reason  $        s
-------------------  ----------  -----  ------  ------  ------  ------  -------  ----
pair:foundation      gpt-6-sol   1      2,056   7,090   561     0       $0.0111  9.0
pair:parentChild02   gpt-6-luna  1      5,894   7,569   1,029   0       $0.0012  6.8
pair:twoCharts       gpt-6-luna  1      4,958   7,376   1,113   0       $0.0011  7.7
pair:parentChild04   gpt-6-luna  1      5,966   7,569   1,087   0       $0.0012  7.5
pair:parentChild05   gpt-6-luna  1      6,009   7,569   1,090   0       $0.0012  8.3
pair:links           gpt-6-luna  1      2,865   7,139   1,493   0       $0.0011  12.8
pair:parentChild06   gpt-6-luna  2      21,189  7,569   2,087   0       $0.0032  13.3
pair:parentChild03   gpt-6-luna  2      13,381  15,138  1,937   0       $0.0025  14.4
pair:whatToPractise  gpt-6-luna  1      3,630   7,545   760     0       $0.0008  5.3
TOTAL                            11     65,948  74,564  11,157  0       $0.0235  84.9

cost $0.0235 in 30.6s wall clock (84.9s of call time across 11 calls); bar $0.2500: under
wrote /home/runner/work/Starsdecoded/Starsdecoded/fixtures/reports/william-charlotte.parent_child.r12c-pair.md and /home/runner/work/Starsdecoded/Starsdecoded/fixtures/reports/william-charlotte.parent_child.r12c-pair.json

=== William Windsor & George Windsor (william-george), parent_child via https://starsdecoded-staging.vercel.app: two natal reports first ===

=== William Windsor & George Windsor (william-george), parent_child ===
chapter                                              words  target   ok   flags
---------------------------------------------------  -----  -------  ---  ---------------------------------
twoCharts (Your two charts)                          139    300-360  NO   -
parentChild02 (What your child needs from you)       183    230-300  NO   CARD: 1 line(s) over twelve words
parentChild03 (Feelings and the big reactions)       202    230-300  NO   -
parentChild04 (Home, chores and contributing)        204    230-300  NO   -
parentChild05 (School, homework and how they learn)  205    230-300  NO   CARD: 1 line(s) over twelve words
parentChild06 (Rules, freedom and screens)           240    230-300  yes  -
whatToPractise (What to practise)                    382    450-560  NO   -
card 1 flows moon saturn: 66 words
card 2 flows venus moon: 60 words
card 3 flows moon mars: 59 words
card 4 flows moon neptune: 64 words
card 5 flows sun venus: 57 words
card 6 rubs jupiter sun: 65 words
card 7 flows uranus sun: 64 words
card 8 flows moon jupiter: 59 words
card 9 rubs mars pluto: 64 words
card 10 rubs mars mars: 61 words
card 11 rubs jupiter moon: 61 words
card 12 rubs uranus venus: 59 words
card 13 overlay moon in the 2th: 62 words
card 14 overlay sun in the 8th: 65 words
card 15 overlay sun in the 9th: 64 words
link cards: 15, 999 words, all 40 to 70 with a behaviour check

prose: 1555 words (target 1900-2500: OUT OF RANGE), cards and items outside it; written in 36.0s
repetition: 1.1% of five-word runs appear in more than one chapter (bar 3%: under)
prompt p3 on mixed; lens parent_child; band teen
band flag: clean, no line contradicts the teen band
SHAPE FLAG: CARD: 1 line(s) over twelve words; CARD: 1 line(s) over twelve words

call                 model       tries  in      cached  out     reason  $        s
-------------------  ----------  -----  ------  ------  ------  ------  -------  ----
pair:foundation      gpt-6-sol   1      2,163   7,090   522     0       $0.0110  7.1
pair:twoCharts       gpt-6-luna  1      5,081   7,376   923     0       $0.0010  6.1
pair:parentChild06   gpt-6-luna  1      6,072   7,569   777     0       $0.0011  6.9
pair:parentChild05   gpt-6-luna  1      6,163   7,569   1,059   0       $0.0012  7.5
pair:parentChild04   gpt-6-luna  2      13,682  15,138  2,048   0       $0.0025  12.4
pair:links           gpt-6-luna  1      2,998   7,139   1,744   0       $0.0012  14.0
pair:parentChild02   gpt-6-luna  2      13,275  15,138  2,435   0       $0.0027  14.7
pair:parentChild03   gpt-6-luna  2      13,301  15,138  2,130   0       $0.0025  15.9
pair:whatToPractise  gpt-6-luna  1      3,813   7,545   880     0       $0.0009  6.1
TOTAL                            12     66,548  89,702  12,518  0       $0.0242  90.7

cost $0.0242 in 31.3s wall clock (90.7s of call time across 12 calls); bar $0.2500: under
wrote /home/runner/work/Starsdecoded/Starsdecoded/fixtures/reports/william-george.parent_child.r12c-pair.md and /home/runner/work/Starsdecoded/Starsdecoded/fixtures/reports/william-george.parent_child.r12c-pair.json

=== Charles Windsor & William Windsor (charles-william), parent_child via https://starsdecoded-staging.vercel.app: two natal reports first ===

=== Charles Windsor & William Windsor (charles-william), parent_child ===
chapter                                              words  target   ok   flags
---------------------------------------------------  -----  -------  ---  ---------------------------------
twoCharts (Your two charts)                          148    300-360  NO   -
parentChild02 (What your child needs from you)       205    230-300  NO   CARD: 5 line(s) over twelve words
parentChild03 (Feelings and the big reactions)       191    230-300  NO   CARD: 2 line(s) over twelve words
parentChild04 (Home, chores and contributing)        243    230-300  yes  CARD: 1 line(s) over twelve words
parentChild05 (School, homework and how they learn)  203    230-300  NO   CARD: 2 line(s) over twelve words
parentChild06 (Rules, freedom and screens)           197    230-300  NO   -
whatToPractise (What to practise)                    363    450-560  NO   -
card 1 flows mercury moon: 58 words
card 2 flows moon sun: 62 words
card 3 flows venus saturn: 65 words
card 4 flows uranus sun: 57 words
card 5 rubs moon jupiter: 58 words
card 6 rubs jupiter sun: 56 words
card 7 flows saturn moon: 59 words
card 8 rubs sun venus: 60 words
card 9 flows uranus jupiter: 60 words
card 10 flows neptune saturn: 57 words
card 11 flows pluto saturn: 60 words
card 12 rubs saturn mercury: 56 words
card 13 overlay mars in the 3th: 63 words
card 14 overlay sun in the 12th: 60 words
card 15 overlay moon in the 6th: 54 words
card 16 overlay sun in the 12th: 58 words
link cards: 16, 1015 words, all 40 to 70 with a behaviour check

prose: 1550 words (target 1900-2500: OUT OF RANGE), cards and items outside it; written in 46.6s
repetition: 2.3% of five-word runs appear in more than one chapter (bar 3%: under)
prompt p3 on mixed; lens parent_child; band grown
band flag: clean, no line contradicts the grown band
SHAPE FLAG: CARD: 5 line(s) over twelve words; CARD: 2 line(s) over twelve words; CARD: 1 line(s) over twelve words; CARD: 2 line(s) over twelve words

call                 model       tries  in      cached  out     reason  $        s
-------------------  ----------  -----  ------  ------  ------  ------  -------  -----
pair:foundation      gpt-6-sol   1      2,174   7,090   554     0       $0.0113  11.5
pair:twoCharts       gpt-6-luna  1      5,337   7,376   899     0       $0.0011  5.9
pair:parentChild06   gpt-6-luna  1      6,161   7,569   1,057   0       $0.0012  8.3
pair:parentChild04   gpt-6-luna  2      13,765  15,138  2,246   0       $0.0027  12.5
pair:parentChild05   gpt-6-luna  2      13,425  15,138  1,869   0       $0.0024  13.3
pair:links           gpt-6-luna  1      2,971   7,139   1,714   0       $0.0012  13.8
pair:parentChild03   gpt-6-luna  2      13,479  15,138  2,073   0       $0.0025  15.9
pair:parentChild02   gpt-6-luna  2      13,763  15,138  2,836   0       $0.0029  16.1
pair:whatToPractise  gpt-6-luna  1      3,870   7,545   895     0       $0.0009  10.5
TOTAL                            13     74,945  97,271  14,143  0       $0.0263  107.8

cost $0.0263 in 40.0s wall clock (107.8s of call time across 13 calls); bar $0.2500: under
wrote /home/runner/work/Starsdecoded/Starsdecoded/fixtures/reports/charles-william.parent_child.r12c-pair.md and /home/runner/work/Starsdecoded/Starsdecoded/fixtures/reports/charles-william.parent_child.r12c-pair.json

=== pair campaign: 6 of 7 runs complete, 1 failed: curie-winfrey partners ===
1 of 7 pair runs failed: curie-winfrey partners
/home/runner/work/Starsdecoded/Starsdecoded/scripts:
 ERR_PNPM_RECURSIVE_RUN_FIRST_FAIL  @workspace/scripts@0.0.0 report:lab: `tsx ./src/report-lab.ts "--remote" "https://starsdecoded-staging.vercel.app" "--pair" "--label" "r12c-pair"`
Exit status 1
 ELIFECYCLE  Command failed with exit code 1.
